<?xml version="1.0" encoding="utf-8"?>
<TestRun id="b86001da-9166-4978-83e4-d85714fb67e7" name="GOVINK18@AMRAPWS2UF2JLYZ 2026-03-04 11:05:25" runUser="AMER\GOVINK18" xmlns="http://microsoft.com/schemas/VisualStudio/TeamTest/2010">
  <Times creation="2026-03-04T11:05:25.4129851-08:00" queuing="2026-03-04T11:05:25.4129862-08:00" start="2026-03-04T11:05:01.4905082-08:00" finish="2026-03-04T11:05:32.2496631-08:00" />
  <TestSettings name="default" id="88621075-9b18-49d2-820b-45afe8d8d03f">
    <Deployment runDeploymentRoot="GOVINK18_AMRAPWS2UF2JLYZ_2026-03-04_11_05_25" />
  </TestSettings>
  <Results>
    <UnitTestResult executionId="27f936f9-1591-48f5-b81c-ec52a473be7b" testId="392b2cec-5617-6850-9c81-6c75292bcb72" testName="DocIntegrationTests.TopPrioritiesTests.TopPriorities_ShowsExpectedItems_AfterNavigatingToAlgete" computerName="AMRAPWS2UF2JLYZ" duration="00:00:15.6097807" startTime="2026-03-04T11:05:09.7613052-08:00" endTime="2026-03-04T11:05:25.3523592-08:00" testType="13cdc9d9-ddb5-4fa4-a97d-d965ccfc6d4b" outcome="Passed" testListId="8c84fa94-04c1-424b-9868-57a2d4851a1d" relativeResultsDirectory="27f936f9-1591-48f5-b81c-ec52a473be7b" />
    <UnitTestResult executionId="9569a442-8793-42dc-a983-ca6fa2574857" testId="399e3105-c9b8-8520-52e7-83be22ff5544" testName="DocIntegrationTests.LoginTests.Login_Succeeds_WithValidCredentials" computerName="AMRAPWS2UF2JLYZ" duration="00:00:06.3252105" startTime="2026-03-04T11:05:25.3796459-08:00" endTime="2026-03-04T11:05:31.6838785-08:00" testType="13cdc9d9-ddb5-4fa4-a97d-d965ccfc6d4b" outcome="Passed" testListId="8c84fa94-04c1-424b-9868-57a2d4851a1d" relativeResultsDirectory="9569a442-8793-42dc-a983-ca6fa2574857" />
  </Results>
  <TestDefinitions>
    <UnitTest name="DocIntegrationTests.TopPrioritiesTests.TopPriorities_ShowsExpectedItems_AfterNavigatingToAlgete" storage="c:\users\govink18\mac-paint-tool\tests\playwright\docintegrationtests\bin\release\net10.0\docintegrationtests.dll" id="392b2cec-5617-6850-9c81-6c75292bcb72">
      <Execution id="27f936f9-1591-48f5-b81c-ec52a473be7b" />
      <TestMethod codeBase="C:\Users\GOVINK18\mac-paint-tool\tests\playwright\DocIntegrationTests\bin\Release\net10.0\DocIntegrationTests.dll" adapterTypeName="executor://xunit/VsTestRunner3/netcore/" className="DocIntegrationTests.TopPrioritiesTests" name="TopPriorities_ShowsExpectedItems_AfterNavigatingToAlgete" />
    </UnitTest>
    <UnitTest name="DocIntegrationTests.LoginTests.Login_Succeeds_WithValidCredentials" storage="c:\users\govink18\mac-paint-tool\tests\playwright\docintegrationtests\bin\release\net10.0\docintegrationtests.dll" id="399e3105-c9b8-8520-52e7-83be22ff5544">
      <Execution id="9569a442-8793-42dc-a983-ca6fa2574857" />
      <TestMethod codeBase="C:\Users\GOVINK18\mac-paint-tool\tests\playwright\DocIntegrationTests\bin\Release\net10.0\DocIntegrationTests.dll" adapterTypeName="executor://xunit/VsTestRunner3/netcore/" className="DocIntegrationTests.LoginTests" name="Login_Succeeds_WithValidCredentials" />
    </UnitTest>
  </TestDefinitions>
  <TestEntries>
    <TestEntry testId="392b2cec-5617-6850-9c81-6c75292bcb72" executionId="27f936f9-1591-48f5-b81c-ec52a473be7b" testListId="8c84fa94-04c1-424b-9868-57a2d4851a1d" />
    <TestEntry testId="399e3105-c9b8-8520-52e7-83be22ff5544" executionId="9569a442-8793-42dc-a983-ca6fa2574857" testListId="8c84fa94-04c1-424b-9868-57a2d4851a1d" />
  </TestEntries>
  <TestLists>
    <TestList name="Results Not in a List" id="8c84fa94-04c1-424b-9868-57a2d4851a1d" />
    <TestList name="All Loaded Results" id="19431567-8539-422a-85d7-44ee4e166bda" />
  </TestLists>
  <ResultSummary outcome="Completed">
    <Counters total="2" executed="2" passed="2" failed="0" error="0" timeout="0" aborted="0" inconclusive="0" passedButRunAborted="0" notRunnable="0" notExecuted="0" disconnected="0" warning="0" completed="0" inProgress="0" pending="0" />
    <Output>
      <StdOut>[xUnit.net 00:00:00.00] xUnit.net VSTest Adapter v3.1.4+50e68bbb8b (64-bit .NET 10.0.3)&#xD;
[xUnit.net 00:00:00.30]   Discovering: DocIntegrationTests&#xD;
[xUnit.net 00:00:00.35]   Discovered:  DocIntegrationTests&#xD;
[xUnit.net 00:00:00.37]   Starting:    DocIntegrationTests&#xD;
[xUnit.net 00:00:30.10]   Finished:    DocIntegrationTests&#xD;
</StdOut>
    </Output>
  </ResultSummary>
</TestRun>